FAILED
tests/component/audio/test_audio_system.py::test_pipewire_pulse_service_running
tests/component/audio/test_audio_system.py::test_pipewire_service_running
tests/component/audio/test_audio_system.py::test_wireplumber_service_running
tests/component/audio/test_unified_pipewire.py::test_intercom_service_depends_on_user_session
tests/component/audio/test_unified_pipewire.py::test_no_user_pipewire_instances
tests/component/audio/test_unified_pipewire.py::test_pipewire_sockets_created
tests/component/audio/test_unified_pipewire.py::test_pulse_socket_exists
tests/component/audio/test_unified_pipewire.py::test_wireplumber_user_service_override
tests/component/audio/test_unified_pipewire.py::test_xdg_runtime_dir_configured
tests/component/display/test_ndi_display_pipewire.py::test_hdmi_audio_sink_available
tests/component/display/test_ndi_display_pipewire.py::test_hdmi_audio_sink_card0
tests/component/display/test_ndi_display_pipewire.py::test_pipewire_pulse_system_service_enabled
tests/component/display/test_ndi_display_pipewire.py::test_pipewire_pulse_system_service_exists
tests/component/display/test_ndi_display_pipewire.py::test_pipewire_pulse_system_service_running
tests/component/display/test_ndi_display_pipewire.py::test_pipewire_socket_exists
tests/component/display/test_ndi_display_pipewire.py::test_pipewire_system_service_enabled
tests/component/display/test_ndi_display_pipewire.py::test_pipewire_system_service_exists
tests/component/display/test_ndi_display_pipewire.py::test_pipewire_system_service_running
tests/component/display/test_ndi_display_pipewire.py::test_wireplumber_system_service_enabled
tests/component/display/test_ndi_display_pipewire.py::test_wireplumber_system_service_exists
tests/component/display/test_ndi_display_pipewire.py::test_wireplumber_system_service_running
tests/component/helpers/test_intercom_rename_comprehensive.py::TestIntercomRenameComprehensive::test_chrome_process_running
tests/component/helpers/test_intercom_rename_comprehensive.py::TestIntercomRenameComprehensive::test_full_rename_flow
tests/component/helpers/test_intercom_rename_comprehensive.py::TestIntercomRenameComprehensive::test_intercom_restart_on_rename_simulation
tests/component/helpers/test_intercom_rename_comprehensive.py::TestIntercomRenameComprehensive::test_intercom_service_basics
tests/component/helpers/test_set_name.py::TestSetNameScript::test_avahi_alias_service
tests/component/helpers/test_set_name.py::TestSetNameScript::test_dynamic_ip_discovery
tests/component/helpers/test_set_name.py::TestSetNameScript::test_mdns_resolution_after_rename
tests/component/helpers/test_set_name.py::TestSetNameScript::test_set_name_simple
tests/component/helpers/test_set_name.py::TestSetNameScript::test_set_name_uppercase
tests/component/helpers/test_set_name.py::TestSetNameScript::test_set_name_with_underscores
tests/component/intercom/test_intercom_core.py::TestIntercomCore::test_intercom_pipewire_script_uses_system_runtime
tests/component/intercom/test_intercom_core.py::TestIntercomCore::test_intercom_service_restart
tests/component/intercom/test_intercom_core.py::TestIntercomCore::test_intercom_service_running
tests/component/intercom/test_intercom_core.py::TestIntercomCore::test_intercom_uses_system_pipewire
tests/component/intercom/test_intercom_integration.py::TestIntercomIntegration::test_service_restart_recovery
tests/component/intercom/test_intercom_integration.py::TestIntercomIntegration::test_vdo_ninja_connection
tests/component/intercom/test_intercom_integration.py::TestIntercomIntegration::test_vnc_remote_access
tests/component/intercom/test_intercom_processes.py::TestIntercomProcesses::test_chrome_process_running
tests/component/intercom/test_intercom_processes.py::TestIntercomProcesses::test_chrome_profile_directory
tests/component/intercom/test_intercom_processes.py::TestIntercomProcesses::test_chrome_push_parameter_matches_hostname
tests/component/intercom/test_intercom_processes.py::TestIntercomProcesses::test_chrome_using_correct_display
tests/component/intercom/test_intercom_processes.py::TestIntercomProcesses::test_chrome_vdo_ninja_parameters
tests/component/intercom/test_intercom_processes.py::TestIntercomProcesses::test_vnc_port_listening
tests/component/intercom/test_intercom_processes.py::TestIntercomProcesses::test_x11vnc_process_running
tests/component/intercom/test_intercom_processes.py::TestIntercomProcesses::test_xvfb_process_running
tests/component/intercom/test_intercom_user_mode.py::test_intercom_restart_permissions
tests/component/intercom/test_intercom_user_mode.py::test_virtual_devices_for_chrome
tests/component/network/test_bridge_mac_inheritance.py::TestBridgePersistence::test_dhcp_lease_persistence_directory
tests/integration/test_display_pipewire_functional.py::test_display_uses_system_pipewire
